Archive member included to satisfy reference by file (symbol)

D:/STM32CubeIDE_1.5.1/STM32CubeIDE/plugins/com.st.stm32cube.ide.mcu.externaltools.gnu-tools-for-stm32.12.3.rel1.win32_1.0.100.202403111256/tools/bin/../lib/gcc/arm-none-eabi/12.3.1/../../../../arm-none-eabi/lib/thumb/v7e-m+fp/hard\libc_nano.a(libc_a-exit.o)
                              D:/STM32CubeIDE_1.5.1/STM32CubeIDE/plugins/com.st.stm32cube.ide.mcu.externaltools.gnu-tools-for-stm32.12.3.rel1.win32_1.0.100.202403111256/tools/bin/../lib/gcc/arm-none-eabi/12.3.1/../../../../arm-none-eabi/lib/thumb/v7e-m+fp/hard/crt0.o (exit)
D:/STM32CubeIDE_1.5.1/STM32CubeIDE/plugins/com.st.stm32cube.ide.mcu.externaltools.gnu-tools-for-stm32.12.3.rel1.win32_1.0.100.202403111256/tools/bin/../lib/gcc/arm-none-eabi/12.3.1/../../../../arm-none-eabi/lib/thumb/v7e-m+fp/hard\libc_nano.a(libc_a-findfp.o)
                              D:/STM32CubeIDE_1.5.1/STM32CubeIDE/plugins/com.st.stm32cube.ide.mcu.externaltools.gnu-tools-for-stm32.12.3.rel1.win32_1.0.100.202403111256/tools/bin/../lib/gcc/arm-none-eabi/12.3.1/../../../../arm-none-eabi/lib/thumb/v7e-m+fp/hard\libc_nano.a(libc_a-exit.o) (__stdio_exit_handler)
D:/STM32CubeIDE_1.5.1/STM32CubeIDE/plugins/com.st.stm32cube.ide.mcu.externaltools.gnu-tools-for-stm32.12.3.rel1.win32_1.0.100.202403111256/tools/bin/../lib/gcc/arm-none-eabi/12.3.1/../../../../arm-none-eabi/lib/thumb/v7e-m+fp/hard\libc_nano.a(libc_a-fwalk.o)
                              D:/STM32CubeIDE_1.5.1/STM32CubeIDE/plugins/com.st.stm32cube.ide.mcu.externaltools.gnu-tools-for-stm32.12.3.rel1.win32_1.0.100.202403111256/tools/bin/../lib/gcc/arm-none-eabi/12.3.1/../../../../arm-none-eabi/lib/thumb/v7e-m+fp/hard\libc_nano.a(libc_a-findfp.o) (_fwalk_sglue)
D:/STM32CubeIDE_1.5.1/STM32CubeIDE/plugins/com.st.stm32cube.ide.mcu.externaltools.gnu-tools-for-stm32.12.3.rel1.win32_1.0.100.202403111256/tools/bin/../lib/gcc/arm-none-eabi/12.3.1/../../../../arm-none-eabi/lib/thumb/v7e-m+fp/hard\libc_nano.a(libc_a-stdio.o)
                              D:/STM32CubeIDE_1.5.1/STM32CubeIDE/plugins/com.st.stm32cube.ide.mcu.externaltools.gnu-tools-for-stm32.12.3.rel1.win32_1.0.100.202403111256/tools/bin/../lib/gcc/arm-none-eabi/12.3.1/../../../../arm-none-eabi/lib/thumb/v7e-m+fp/hard\libc_nano.a(libc_a-findfp.o) (__sread)
D:/STM32CubeIDE_1.5.1/STM32CubeIDE/plugins/com.st.stm32cube.ide.mcu.externaltools.gnu-tools-for-stm32.12.3.rel1.win32_1.0.100.202403111256/tools/bin/../lib/gcc/arm-none-eabi/12.3.1/../../../../arm-none-eabi/lib/thumb/v7e-m+fp/hard\libc_nano.a(libc_a-memset.o)
                              D:/STM32CubeIDE_1.5.1/STM32CubeIDE/plugins/com.st.stm32cube.ide.mcu.externaltools.gnu-tools-for-stm32.12.3.rel1.win32_1.0.100.202403111256/tools/bin/../lib/gcc/arm-none-eabi/12.3.1/../../../../arm-none-eabi/lib/thumb/v7e-m+fp/hard/crt0.o (memset)
D:/STM32CubeIDE_1.5.1/STM32CubeIDE/plugins/com.st.stm32cube.ide.mcu.externaltools.gnu-tools-for-stm32.12.3.rel1.win32_1.0.100.202403111256/tools/bin/../lib/gcc/arm-none-eabi/12.3.1/../../../../arm-none-eabi/lib/thumb/v7e-m+fp/hard\libc_nano.a(libc_a-closer.o)
                              D:/STM32CubeIDE_1.5.1/STM32CubeIDE/plugins/com.st.stm32cube.ide.mcu.externaltools.gnu-tools-for-stm32.12.3.rel1.win32_1.0.100.202403111256/tools/bin/../lib/gcc/arm-none-eabi/12.3.1/../../../../arm-none-eabi/lib/thumb/v7e-m+fp/hard\libc_nano.a(libc_a-stdio.o) (_close_r)
D:/STM32CubeIDE_1.5.1/STM32CubeIDE/plugins/com.st.stm32cube.ide.mcu.externaltools.gnu-tools-for-stm32.12.3.rel1.win32_1.0.100.202403111256/tools/bin/../lib/gcc/arm-none-eabi/12.3.1/../../../../arm-none-eabi/lib/thumb/v7e-m+fp/hard\libc_nano.a(libc_a-reent.o)
                              D:/STM32CubeIDE_1.5.1/STM32CubeIDE/plugins/com.st.stm32cube.ide.mcu.externaltools.gnu-tools-for-stm32.12.3.rel1.win32_1.0.100.202403111256/tools/bin/../lib/gcc/arm-none-eabi/12.3.1/../../../../arm-none-eabi/lib/thumb/v7e-m+fp/hard\libc_nano.a(libc_a-closer.o) (errno)
D:/STM32CubeIDE_1.5.1/STM32CubeIDE/plugins/com.st.stm32cube.ide.mcu.externaltools.gnu-tools-for-stm32.12.3.rel1.win32_1.0.100.202403111256/tools/bin/../lib/gcc/arm-none-eabi/12.3.1/../../../../arm-none-eabi/lib/thumb/v7e-m+fp/hard\libc_nano.a(libc_a-impure.o)
                              D:/STM32CubeIDE_1.5.1/STM32CubeIDE/plugins/com.st.stm32cube.ide.mcu.externaltools.gnu-tools-for-stm32.12.3.rel1.win32_1.0.100.202403111256/tools/bin/../lib/gcc/arm-none-eabi/12.3.1/../../../../arm-none-eabi/lib/thumb/v7e-m+fp/hard\libc_nano.a(libc_a-reent.o) (_impure_ptr)
D:/STM32CubeIDE_1.5.1/STM32CubeIDE/plugins/com.st.stm32cube.ide.mcu.externaltools.gnu-tools-for-stm32.12.3.rel1.win32_1.0.100.202403111256/tools/bin/../lib/gcc/arm-none-eabi/12.3.1/../../../../arm-none-eabi/lib/thumb/v7e-m+fp/hard\libc_nano.a(libc_a-lseekr.o)
[...]
Memory Configuration

Name             Origin             Length             Attributes
CCMRAM           0x10000000         0x00010000         xrw
RAM              0x20000000         0x00020000         xrw
FLASH            0x08000000         0x00080000         xr
*default*        0x00000000         0xffffffff

Linker script and memory map

LOAD D:/STM32CubeIDE_1.5.1/STM32CubeIDE/plugins/com.st.stm32cube.ide.mcu.externaltools.gnu-tools-for-stm32.12.3.rel1.win32_1.0.100.202403111256/tools/bin/../lib/gcc/arm-none-eabi/12.3.1/thumb/v7e-m+fp/hard/crti.o
LOAD D:/STM32CubeIDE_1.5.1/STM32CubeIDE/plugins/com.st.stm32cube.ide.mcu.externaltools.gnu-tools-for-stm32.12.3.rel1.win32_1.0.100.202403111256/tools/bin/../lib/gcc/arm-none-eabi/12.3.1/thumb/v7e-m+fp/hard/crtbegin.o
LOAD D:/STM32CubeIDE_1.5.1/STM32CubeIDE/plugins/com.st.stm32cube.ide.mcu.externaltools.gnu-tools-for-stm32.12.3.rel1.win32_1.0.100.202403111256/tools/bin/../lib/gcc/arm-none-eabi/12.3.1/../../../../arm-none-eabi/lib/thumb/v7e-m+fp/hard/crt0.o
LOAD ./Core/Src/fsmc.o
LOAD ./Core/Src/gpio.o
LOAD ./Core/Src/main.o
LOAD ./Core/Src/stm32f4xx_hal_msp.o
LOAD ./Core/Src/stm32f4xx_it.o
LOAD ./Core/Src/syscalls.o
LOAD ./Core/Src/sysmem.o
LOAD ./Core/Src/system_stm32f4xx.o
LOAD ./Core/Startup/startup_stm32f407vetx.o
LOAD ./Drivers/BSP/Src/keyled.o
LOAD ./Drivers/BSP/Src/lcd.o
LOAD ./Drivers/STM32F4xx_HAL_Driver/Src/stm32f4xx_hal.o
LOAD ./Drivers/STM32F4xx_HAL_Driver/Src/stm32f4xx_hal_cortex.o
LOAD ./Drivers/STM32F4xx_HAL_Driver/Src/stm32f4xx_hal_dma.o
LOAD ./Drivers/STM32F4xx_HAL_Driver/Src/stm32f4xx_hal_dma_ex.o
LOAD ./Drivers/STM32F4xx_HAL_Driver/Src/stm32f4xx_hal_exti.o
LOAD ./Drivers/STM32F4xx_HAL_Driver/Src/stm32f4xx_hal_flash.o
LOAD ./Drivers/STM32F4xx_HAL_Driver/Src/stm32f4xx_hal_flash_ex.o
LOAD ./Drivers/STM32F4xx_HAL_Driver/Src/stm32f4xx_hal_flash_ramfunc.o
LOAD ./Drivers/STM32F4xx_HAL_Driver/Src/stm32f4xx_hal_gpio.o
LOAD ./Drivers/STM32F4xx_HAL_Driver/Src/stm32f4xx_hal_pwr.o
LOAD ./Drivers/STM32F4xx_HAL_Driver/Src/stm32f4xx_hal_pwr_ex.o
LOAD ./Drivers/STM32F4xx_HAL_Driver/Src/stm32f4xx_hal_rcc.o
LOAD ./Drivers/STM32F4xx_HAL_Driver/Src/stm32f4xx_hal_rcc_ex.o
LOAD ./Drivers/STM32F4xx_HAL_Driver/Src/stm32f4xx_hal_sram.o
LOAD ./Drivers/STM32F4xx_HAL_Driver/Src/stm32f4xx_hal_tim.o
LOAD ./Drivers/STM32F4xx_HAL_Driver/Src/stm32f4xx_hal_tim_ex.o
LOAD ./Drivers/STM32F4xx_HAL_Driver/Src/stm32f4xx_ll_fsmc.o
START GROUP
LOAD D:/STM32CubeIDE_1.5.1/STM32CubeIDE/plugins/com.st.stm32cube.ide.mcu.externaltools.gnu-tools-for-stm32.12.3.rel1.win32_1.0.100.202403111256/tools/bin/../lib/gcc/arm-none-eabi/12.3.1/../../../../arm-none-eabi/lib/thumb/v7e-m+fp/hard\libc_nano.a
LOAD D:/STM32CubeIDE_1.5.1/STM32CubeIDE/plugins/com.st.stm32cube.ide.mcu.externaltools.gnu-tools-for-stm32.12.3.rel1.win32_1.0.100.202403111256/tools/bin/../lib/gcc/arm-none-eabi/12.3.1/../../../../arm-none-eabi/lib/thumb/v7e-m+fp/hard\libm.a
END GROUP
START GROUP
LOAD D:/STM32CubeIDE_1.5.1/STM32CubeIDE/plugins/com.st.stm32cube.ide.mcu.externaltools.gnu-tools-for-stm32.12.3.rel1.win32_1.0.100.202403111256/tools/bin/../lib/gcc/arm-none-eabi/12.3.1/thumb/v7e-m+fp/hard\libgcc.a
LOAD D:/STM32CubeIDE_1.5.1/STM32CubeIDE/plugins/com.st.stm32cube.ide.mcu.externaltools.gnu-tools-for-stm32.12.3.rel1.win32_1.0.100.202403111256/tools/bin/../lib/gcc/arm-none-eabi/12.3.1/../../../../arm-none-eabi/lib/thumb/v7e-m+fp/hard\libc_nano.a
END GROUP
START GROUP
LOAD D:/STM32CubeIDE_1.5.1/STM32CubeIDE/plugins/com.st.stm32cube.ide.mcu.externaltools.gnu-tools-for-stm32.12.3.rel1.win32_1.0.100.202403111256/tools/bin/../lib/gcc/arm-none-eabi/12.3.1/thumb/v7e-m+fp/hard\libgcc.a
LOAD D:/STM32CubeIDE_1.5.1/STM32CubeIDE/plugins/com.st.stm32cube.ide.mcu.externaltools.gnu-tools-for-stm32.12.3.rel1.win32_1.0.100.202403111256/tools/bin/../lib/gcc/arm-none-eabi/12.3.1/../../../../arm-none-eabi/lib/thumb/v7e-m+fp/hard\libc_nano.a
LOAD D:/STM32CubeIDE_1.5.1/STM32CubeIDE/plugins/com.st.stm32cube.ide.mcu.externaltools.gnu-tools-for-stm32.12.3.rel1.win32_1.0.100.202403111256/tools/bin/../lib/gcc/arm-none-eabi/12.3.1/../../../../arm-none-eabi/lib/thumb/v7e-m+fp/hard\libnosys.a
END GROUP
START GROUP
LOAD D:/STM32CubeIDE_1.5.1/STM32CubeIDE/plugins/com.st.stm32cube.ide.mcu.externaltools.gnu-tools-for-stm32.12.3.rel1.win32_1.0.100.202403111256/tools/bin/../lib/gcc/arm-none-eabi/12.3.1/thumb/v7e-m+fp/hard\libgcc.a
LOAD D:/STM32CubeIDE_1.5.1/STM32CubeIDE/plugins/com.st.stm32cube.ide.mcu.externaltools.gnu-tools-for-stm32.12.3.rel1.win32_1.0.100.202403111256/tools/bin/../lib/gcc/arm-none-eabi/12.3.1/../../../../arm-none-eabi/lib/thumb/v7e-m+fp/hard\libc_nano.a
LOAD D:/STM32CubeIDE_1.5.1/STM32CubeIDE/plugins/com.st.stm32cube.ide.mcu.externaltools.gnu-tools-for-stm32.12.3.rel1.win32_1.0.100.202403111256/tools/bin/../lib/gcc/arm-none-eabi/12.3.1/../../../../arm-none-eabi/lib/thumb/v7e-m+fp/hard\libnosys.a
END GROUP
LOAD D:/STM32CubeIDE_1.5.1/STM32CubeIDE/plugins/com.st.stm32cube.ide.mcu.externaltools.gnu-tools-for-stm32.12.3.rel1.win32_1.0.100.202403111256/tools/bin/../lib/gcc/arm-none-eabi/12.3.1/thumb/v7e-m+fp/hard/crtend.o
LOAD D:/STM32CubeIDE_1.5.1/STM32CubeIDE/plugins/com.st.stm32cube.ide.mcu.externaltools.gnu-tools-for-stm32.12.3.rel1.win32_1.0.100.202403111256/tools/bin/../lib/gcc/arm-none-eabi/12.3.1/thumb/v7e-m+fp/hard/crtn.o
                0x20020000                        _estack = (ORIGIN (RAM) + LENGTH (RAM))
                0x00000200                        _Min_Heap_Size = 0x200
                0x00000400                        _Min_Stack_Size = 0x400

.isr_vector     0x08000000      0x188
                0x08000000                        . = ALIGN (0x4)
 *(.isr_vector)
 .isr_vector    0x08000000      0x188 ./Core/Startup/startup_stm32f407vetx.o
                0x08000000                g_pfnVectors
                0x08000188                        . = ALIGN (0x4)

.text           0x08000188     0x5838
                0x08000188                        . = ALIGN (0x4)
 *(.text)
 .text          0x08000188       0x40 D:/STM32CubeIDE_1.5.1/STM32CubeIDE/plugins/com.st.stm32cube.ide.mcu.externaltools.gnu-tools-for-stm32.12.3.rel1.win32_1.0.100.202403111256/tools/bin/../lib/gcc/arm-none-eabi/12.3.1/thumb/v7e-m+fp/hard/crtbegin.o
 .text          0x080001c8      0x254 D:/STM32CubeIDE_1.5.1/STM32CubeIDE/plugins/com.st.stm32cube.ide.mcu.externaltools.gnu-tools-for-stm32.12.3.rel1.win32_1.0.100.202403111256/tools/bin/../lib/gcc/arm-none-eabi/12.3.1/thumb/v7e-m+fp/hard\libgcc.a(_arm_muldf3.o)
                0x080001c8                __muldf3
                0x080001c8                __aeabi_dmul
 .text          0x0800041c      0x378 D:/STM32CubeIDE_1.5.1/STM32CubeIDE/plugins/com.st.stm32cube.ide.mcu.externaltools.gnu-tools-for-stm32.12.3.rel1.win32_1.0.100.202403111256/tools/bin/../lib/gcc/arm-none-eabi/12.3.1/thumb/v7e-m+fp/hard\libgcc.a(_arm_addsubdf3.o)
                0x0800041c                __aeabi_drsub
                0x08000424                __aeabi_dsub
                0x08000424                __subdf3
                0x08000428                __aeabi_dadd
                0x08000428                __adddf3
                0x080006a0                __floatunsidf
                0x080006a0                __aeabi_ui2d
                0x080006c0                __floatsidf
                0x080006c0                __aeabi_i2d
                0x080006e4                __aeabi_f2d
                0x080006e4                __extendsfdf2
                0x08000728                __floatundidf
                0x08000728                __aeabi_ul2d
                0x08000738                __floatdidf
                0x08000738                __aeabi_l2d
 .text          0x08000794       0x40 D:/STM32CubeIDE_1.5.1/STM32CubeIDE/plugins/com.st.stm32cube.ide.mcu.externaltools.gnu-tools-for-stm32.12.3.rel1.win32_1.0.100.202403111256/tools/bin/../lib/gcc/arm-none-eabi/12.3.1/thumb/v7e-m+fp/hard\libgcc.a(_arm_fixunsdfsi.o)
                0x08000794                __aeabi_d2uiz
                0x08000794                __fixunsdfsi
 .text          0x080007d4       0x30 D:/STM32CubeIDE_1.5.1/STM32CubeIDE/plugins/com.st.stm32cube.ide.mcu.externaltools.gnu-tools-for-stm32.12.3.rel1.win32_1.0.100.202403111256/tools/bin/../lib/gcc/arm-none-eabi/12.3.1/thumb/v7e-m+fp/hard\libgcc.a(_aeabi_uldivmod.o)
                0x080007d4                __aeabi_uldivmod
 .text          0x08000804      0x2bc D:/STM32CubeIDE_1.5.1/STM32CubeIDE/plugins/com.st.stm32cube.ide.mcu.externaltools.gnu-tools-for-stm32.12.3.rel1.win32_1.0.100.202403111256/tools/bin/../lib/gcc/arm-none-eabi/12.3.1/thumb/v7e-m+fp/hard\libgcc.a(_udivmoddi4.o)
                0x08000804                __udivmoddi4
 .text          0x08000ac0        0x4 D:/STM32CubeIDE_1.5.1/STM32CubeIDE/plugins/com.st.stm32cube.ide.mcu.externaltools.gnu-tools-for-stm32.12.3.rel1.win32_1.0.100.202403111256/tools/bin/../lib/gcc/arm-none-eabi/12.3.1/thumb/v7e-m+fp/hard\libgcc.a(_dvmd_tls.o)
                0x08000ac0                __aeabi_idiv0
                0x08000ac0                __aeabi_ldiv0
 *(.text*)
 .text.MX_FSMC_Init
                0x08000ac4       0xf4 ./Core/Src/fsmc.o
                0x08000ac4                MX_FSMC_Init
 .text.HAL_FSMC_MspInit
                0x08000bb8       0x98 ./Core/Src/fsmc.o
 .text.HAL_SRAM_MspInit
                0x08000c50       0x14 ./Core/Src/fsmc.o
                0x08000c50                HAL_SRAM_MspInit
 .text.MX_GPIO_Init
                0x08000c64      0x17c ./Core/Src/gpio.o
                0x08000c64                MX_GPIO_Init
 .text.main     0x08000de0       0x3c ./Core/Src/main.o
                0x08000de0                main
 .text.SystemClock_Config
                0x08000e1c       0xd4 ./Core/Src/main.o
                0x08000e1c                SystemClock_Config
 .text.Error_Handler
                0x08000ef0        0xc ./Core/Src/main.o
                0x08000ef0                Error_Handler
 .text.HAL_MspInit
                0x08000efc       0x50 ./Core/Src/stm32f4xx_hal_msp.o
                0x08000efc                HAL_MspInit
 .text.NMI_Handler
                0x08000f4c        0x8 ./Core/Src/stm32f4xx_it.o
                0x08000f4c                NMI_Handler
 .text.HardFault_Handler
                0x08000f54        0x8 ./Core/Src/stm32f4xx_it.o
                0x08000f54                HardFault_Handler
 .text.MemManage_Handler
                0x08000f5c        0x8 ./Core/Src/stm32f4xx_it.o
                0x08000f5c                MemManage_Handler
 .text.BusFault_Handler
                0x08000f64        0x8 ./Core/Src/stm32f4xx_it.o
                0x08000f64                BusFault_Handler
 .text.UsageFault_Handler
                0x08000f6c        0x8 ./Core/Src/stm32f4xx_it.o
                0x08000f6c                UsageFault_Handler
 .text.SVC_Handler
                0x08000f74        0xe ./Core/Src/stm32f4xx_it.o
                0x08000f74                SVC_Handler
 .text.DebugMon_Handler
                0x08000f82        0xe ./Core/Src/stm32f4xx_it.o
                0x08000f82                DebugMon_Handler
 .text.PendSV_Handler
                0x08000f90        0xe ./Core/Src/stm32f4xx_it.o
                0x08000f90                PendSV_Handler
 .text.SysTick_Handler
                0x08000f9e        0xc ./Core/Src/stm32f4xx_it.o
                0x08000f9e                SysTick_Handler
 .text.EXTI0_IRQHandler
                0x08000faa        0xe ./Core/Src/stm32f4xx_it.o
                0x08000faa                EXTI0_IRQHandler
 .text.EXTI1_IRQHandler
                0x08000fb8        0xe ./Core/Src/stm32f4xx_it.o
                0x08000fb8                EXTI1_IRQHandler
 .text.EXTI2_IRQHandler
                0x08000fc6        0xe ./Core/Src/stm32f4xx_it.o
                0x08000fc6                EXTI2_IRQHandler
 .text.EXTI3_IRQHandler
                0x08000fd4        0xe ./Core/Src/stm32f4xx_it.o
                0x08000fd4                EXTI3_IRQHandler
 *fill*         0x08000fe2        0x2 
 .text.SystemInit
                0x08000fe4       0x24 ./Core/Src/system_stm32f4xx.o
                0x08000fe4                SystemInit
 .text.Reset_Handler
                0x08001008       0x50 ./Core/Startup/startup_stm32f407vetx.o
                0x08001008                Reset_Handler
 .text.Default_Handler
                0x08001058        0x2 ./Core/Startup/startup_stm32f407vetx.o
                0x08001058                RTC_Alarm_IRQHandler
                0x08001058                HASH_RNG_IRQHandler
                0x08001058                TIM8_CC_IRQHandler
                0x08001058                TIM1_CC_IRQHandler
                0x08001058                DMA2_Stream5_IRQHandler
                0x08001058                DMA1_Stream5_IRQHandler
                0x08001058                PVD_IRQHandler
                0x08001058                SDIO_IRQHandler
                0x08001058                TAMP_STAMP_IRQHandler
                0x08001058                CAN2_RX1_IRQHandler
                0x08001058                TIM8_TRG_COM_TIM14_IRQHandler
                0x08001058                TIM1_UP_TIM10_IRQHandler
                0x08001058                TIM8_UP_TIM13_IRQHandler
                0x08001058                I2C3_ER_IRQHandler
                0x08001058                I2C2_EV_IRQHandler
                0x08001058                DMA1_Stream2_IRQHandler
                0x08001058                CAN1_RX0_IRQHandler
                0x08001058                FPU_IRQHandler
                0x08001058                OTG_HS_WKUP_IRQHandler
                0x08001058                CAN2_SCE_IRQHandler
                0x08001058                DMA2_Stream2_IRQHandler
                0x08001058                SPI1_IRQHandler
                0x08001058                TIM6_DAC_IRQHandler
                0x08001058                TIM1_BRK_TIM9_IRQHandler
                0x08001058                DCMI_IRQHandler
                0x08001058                CAN2_RX0_IRQHandler
                0x08001058                DMA2_Stream3_IRQHandler
                0x08001058                USART6_IRQHandler
                0x08001058                USART3_IRQHandler
                0x08001058                CAN1_RX1_IRQHandler
                0x08001058                UART5_IRQHandler
                0x08001058                DMA2_Stream0_IRQHandler
                0x08001058                TIM4_IRQHandler
                0x08001058                I2C1_EV_IRQHandler
                0x08001058                DMA1_Stream6_IRQHandler
                0x08001058                DMA1_Stream1_IRQHandler
                0x08001058                UART4_IRQHandler
                0x08001058                TIM3_IRQHandler
                0x08001058                RCC_IRQHandler
                0x08001058                TIM8_BRK_TIM12_IRQHandler
                0x08001058                Default_Handler
                0x08001058                EXTI15_10_IRQHandler
                0x08001058                ADC_IRQHandler
                0x08001058                DMA1_Stream7_IRQHandler
                0x08001058                TIM7_IRQHandler
                0x08001058                CAN2_TX_IRQHandler
                0x08001058                TIM5_IRQHandler
                0x08001058                DMA2_Stream7_IRQHandler
                0x08001058                I2C3_EV_IRQHandler
                0x08001058                EXTI9_5_IRQHandler
                0x08001058                RTC_WKUP_IRQHandler
                0x08001058                ETH_WKUP_IRQHandler
                0x08001058                SPI2_IRQHandler
                0x08001058                OTG_HS_EP1_IN_IRQHandler
                0x08001058                DMA1_Stream0_IRQHandler
                0x08001058                CAN1_TX_IRQHandler
                0x08001058                EXTI4_IRQHandler
                0x08001058                FSMC_IRQHandler
                0x08001058                ETH_IRQHandler
                0x08001058                OTG_HS_EP1_OUT_IRQHandler
                0x08001058                WWDG_IRQHandler
                0x08001058                TIM2_IRQHandler
                0x08001058                OTG_FS_WKUP_IRQHandler
                0x08001058                TIM1_TRG_COM_TIM11_IRQHandler
                0x08001058                OTG_HS_IRQHandler
                0x08001058                USART2_IRQHandler
                0x08001058                I2C2_ER_IRQHandler
                0x08001058                DMA2_Stream1_IRQHandler
                0x08001058                CAN1_SCE_IRQHandler
                0x08001058                FLASH_IRQHandler
                0x08001058                DMA2_Stream4_IRQHandler
                0x08001058                USART1_IRQHandler
                0x08001058                OTG_FS_IRQHandler
                0x08001058                SPI3_IRQHandler
                0x08001058                DMA1_Stream4_IRQHandler
                0x08001058                I2C1_ER_IRQHandler
                0x08001058                DMA2_Stream6_IRQHandler
                0x08001058                DMA1_Stream3_IRQHandler
 .text.lcd_ex_st7789_reginit
                0x0800105a      0x1ac ./Drivers/BSP/Src/lcd.o
                0x0800105a                lcd_ex_st7789_reginit
 .text.lcd_ex_ili9341_reginit
                0x08001206      0x230 ./Drivers/BSP/Src/lcd.o
                0x08001206                lcd_ex_ili9341_reginit
 .text.lcd_ex_nt35310_reginit
                0x08001436      0xef6 ./Drivers/BSP/Src/lcd.o
                0x08001436                lcd_ex_nt35310_reginit
 .text.lcd_ex_st7796_reginit
                0x0800232c      0x1ca ./Drivers/BSP/Src/lcd.o
                0x0800232c                lcd_ex_st7796_reginit
 .text.lcd_ex_nt35510_reginit
                0x080024f6      0xf00 ./Drivers/BSP/Src/lcd.o
                0x080024f6                lcd_ex_nt35510_reginit
 .text.lcd_ex_ili9806_reginit
                0x080033f6      0x344 ./Drivers/BSP/Src/lcd.o
                0x080033f6                lcd_ex_ili9806_reginit
 .text.lcd_ex_ssd1963_reginit
                0x0800373a      0x172 ./Drivers/BSP/Src/lcd.o
                0x0800373a                lcd_ex_ssd1963_reginit
 .text.lcd_wr_data
                0x080038ac       0x28 ./Drivers/BSP/Src/lcd.o
                0x080038ac                lcd_wr_data
 .text.lcd_wr_regno
                0x080038d4       0x28 ./Drivers/BSP/Src/lcd.o
                0x080038d4                lcd_wr_regno
 .text.lcd_write_reg
                0x080038fc       0x2c ./Drivers/BSP/Src/lcd.o
                0x080038fc                lcd_write_reg
 .text.lcd_opt_delay
                0x08003928       0x22 ./Drivers/BSP/Src/lcd.o
 *fill*         0x0800394a        0x2 
 .text.lcd_rd_data
                0x0800394c       0x24 ./Drivers/BSP/Src/lcd.o
 .text.lcd_write_ram_prepare
                0x08003970       0x20 ./Drivers/BSP/Src/lcd.o
                0x08003970                lcd_write_ram_prepare
 .text.lcd_set_cursor
                0x08003990      0x1ac ./Drivers/BSP/Src/lcd.o
                0x08003990                lcd_set_cursor
 .text.lcd_scan_dir
                0x08003b3c      0x304 ./Drivers/BSP/Src/lcd.o
                0x08003b3c                lcd_scan_dir
 .text.lcd_draw_point
                0x08003e40       0x34 ./Drivers/BSP/Src/lcd.o
                0x08003e40                lcd_draw_point
 *fill*         0x08003e74        0x4 
 .text.lcd_ssd_backlight_set
                0x08003e78       0x68 ./Drivers/BSP/Src/lcd.o
                0x08003e78                lcd_ssd_backlight_set
 .text.lcd_display_dir
                0x08003ee0      0x1b0 ./Drivers/BSP/Src/lcd.o
                0x08003ee0                lcd_display_dir
 .text.lcd_init
                0x08004090      0x3fc ./Drivers/BSP/Src/lcd.o
                0x08004090                lcd_init
 .text.lcd_clear
                0x0800448c       0x5c ./Drivers/BSP/Src/lcd.o
                0x0800448c                lcd_clear
 .text.lcd_show_char
                0x080044e8      0x1bc ./Drivers/BSP/Src/lcd.o
                0x080044e8                lcd_show_char
 .text.lcd_show_string
                0x080046a4       0xa0 ./Drivers/BSP/Src/lcd.o
                0x080046a4                lcd_show_string
 .text.HAL_Init
                0x08004744       0x44 ./Drivers/STM32F4xx_HAL_Driver/Src/stm32f4xx_hal.o
                0x08004744                HAL_Init
 .text.HAL_InitTick
                0x08004788       0x60 ./Drivers/STM32F4xx_HAL_Driver/Src/stm32f4xx_hal.o
                0x08004788                HAL_InitTick
 .text.HAL_IncTick
                0x080047e8       0x28 ./Drivers/STM32F4xx_HAL_Driver/Src/stm32f4xx_hal.o
                0x080047e8                HAL_IncTick
 .text.HAL_GetTick
                0x08004810       0x18 ./Drivers/STM32F4xx_HAL_Driver/Src/stm32f4xx_hal.o
                0x08004810                HAL_GetTick
 .text.HAL_Delay
                0x08004828       0x48 ./Drivers/STM32F4xx_HAL_Driver/Src/stm32f4xx_hal.o
                0x08004828                HAL_Delay
 .text.__NVIC_SetPriorityGrouping
                0x08004870       0x48 ./Drivers/STM32F4xx_HAL_Driver/Src/stm32f4xx_hal_cortex.o
 .text.__NVIC_GetPriorityGrouping
                0x080048b8       0x1c ./Drivers/STM32F4xx_HAL_Driver/Src/stm32f4xx_hal_cortex.o
 .text.__NVIC_EnableIRQ
                0x080048d4       0x3c ./Drivers/STM32F4xx_HAL_Driver/Src/stm32f4xx_hal_cortex.o
 .text.__NVIC_SetPriority
                0x08004910       0x54 ./Drivers/STM32F4xx_HAL_Driver/Src/stm32f4xx_hal_cortex.o
 .text.NVIC_EncodePriority
                0x08004964       0x66 ./Drivers/STM32F4xx_HAL_Driver/Src/stm32f4xx_hal_cortex.o
 *fill*         0x080049ca        0x2 
 .text.SysTick_Config
                0x080049cc       0x44 ./Drivers/STM32F4xx_HAL_Driver/Src/stm32f4xx_hal_cortex.o
 .text.HAL_NVIC_SetPriorityGrouping
                0x08004a10       0x16 ./Drivers/STM32F4xx_HAL_Driver/Src/stm32f4xx_hal_cortex.o
                0x08004a10                HAL_NVIC_SetPriorityGrouping
 .text.HAL_NVIC_SetPriority
                0x08004a26       0x38 ./Drivers/STM32F4xx_HAL_Driver/Src/stm32f4xx_hal_cortex.o
                0x08004a26                HAL_NVIC_SetPriority
 .text.HAL_NVIC_EnableIRQ
                0x08004a5e       0x1c ./Drivers/STM32F4xx_HAL_Driver/Src/stm32f4xx_hal_cortex.o
                0x08004a5e                HAL_NVIC_EnableIRQ
 .text.HAL_SYSTICK_Config
                0x08004a7a       0x18 ./Drivers/STM32F4xx_HAL_Driver/Src/stm32f4xx_hal_cortex.o
                0x08004a7a                HAL_SYSTICK_Config
 *fill*         0x08004a92        0x2 
 .text.HAL_GPIO_Init
                0x08004a94      0x338 ./Drivers/STM32F4xx_HAL_Driver/Src/stm32f4xx_hal_gpio.o
                0x08004a94                HAL_GPIO_Init
 .text.HAL_GPIO_WritePin
                0x08004dcc       0x32 ./Drivers/STM32F4xx_HAL_Driver/Src/stm32f4xx_hal_gpio.o
                0x08004dcc                HAL_GPIO_WritePin
 *fill*         0x08004dfe        0x2 
 .text.HAL_GPIO_EXTI_IRQHandler
                0x08004e00       0x30 ./Drivers/STM32F4xx_HAL_Driver/Src/stm32f4xx_hal_gpio.o
                0x08004e00                HAL_GPIO_EXTI_IRQHandler
 .text.HAL_GPIO_EXTI_Callback
                0x08004e30       0x16 ./Drivers/STM32F4xx_HAL_Driver/Src/stm32f4xx_hal_gpio.o
                0x08004e30                HAL_GPIO_EXTI_Callback
 *fill*         0x08004e46        0x2 
 .text.HAL_RCC_OscConfig
                0x08004e48      0x4f0 ./Drivers/STM32F4xx_HAL_Driver/Src/stm32f4xx_hal_rcc.o
                0x08004e48                HAL_RCC_OscConfig
 .text.HAL_RCC_ClockConfig
                0x08005338      0x1cc ./Drivers/STM32F4xx_HAL_Driver/Src/stm32f4xx_hal_rcc.o
                0x08005338                HAL_RCC_ClockConfig
 .text.HAL_RCC_GetSysClockFreq
                0x08005504      0x20c ./Drivers/STM32F4xx_HAL_Driver/Src/stm32f4xx_hal_rcc.o
                0x08005504                HAL_RCC_GetSysClockFreq
 .text.HAL_SRAM_Init
                0x08005710       0x90 ./Drivers/STM32F4xx_HAL_Driver/Src/stm32f4xx_hal_sram.o
                0x08005710                HAL_SRAM_Init
 .text.FSMC_NORSRAM_Init
                0x080057a0       0xd4 ./Drivers/STM32F4xx_HAL_Driver/Src/stm32f4xx_ll_fsmc.o
                0x080057a0                FSMC_NORSRAM_Init
 .text.FSMC_NORSRAM_Timing_Init
                0x08005874       0x6a ./Drivers/STM32F4xx_HAL_Driver/Src/stm32f4xx_ll_fsmc.o
                0x08005874                FSMC_NORSRAM_Timing_Init
 *fill*         0x080058de        0x2 
 .text.FSMC_NORSRAM_Extended_Timing_Init
                0x080058e0       0x70 ./Drivers/STM32F4xx_HAL_Driver/Src/stm32f4xx_ll_fsmc.o
                0x080058e0                FSMC_NORSRAM_Extended_Timing_Init
 .text.memset   0x08005950       0x10 D:/STM32CubeIDE_1.5.1/STM32CubeIDE/plugins/com.st.stm32cube.ide.mcu.externaltools.gnu-tools-for-stm32.12.3.rel1.win32_1.0.100.202403111256/tools/bin/../lib/gcc/arm-none-eabi/12.3.1/../../../../arm-none-eabi/lib/thumb/v7e-m+fp/hard\libc_nano.a(libc_a-memset.o)
                0x08005950                memset
 .text.__libc_init_array
                0x08005960       0x48 D:/STM32CubeIDE_1.5.1/STM32CubeIDE/plugins/com.st.stm32cube.ide.mcu.externaltools.gnu-tools-for-stm32.12.3.rel1.win32_1.0.100.202403111256/tools/bin/../lib/gcc/arm-none-eabi/12.3.1/../../../../arm-none-eabi/lib/thumb/v7e-m+fp/hard\libc_nano.a(libc_a-init.o)
                0x08005960                __libc_init_array
 *(.glue_7)
 .glue_7        0x080059a8        0x0 linker stubs
 *(.glue_7t)
 .glue_7t       0x080059a8        0x0 linker stubs
 *(.eh_frame)
 .eh_frame      0x080059a8        0x0 D:/STM32CubeIDE_1.5.1/STM32CubeIDE/plugins/com.st.stm32cube.ide.mcu.externaltools.gnu-tools-for-stm32.12.3.rel1.win32_1.0.100.202403111256/tools/bin/../lib/gcc/arm-none-eabi/12.3.1/thumb/v7e-m+fp/hard/crtbegin.o
 *(.init)
 .init          0x080059a8        0x4 D:/STM32CubeIDE_1.5.1/STM32CubeIDE/plugins/com.st.stm32cube.ide.mcu.externaltools.gnu-tools-for-stm32.12.3.rel1.win32_1.0.100.202403111256/tools/bin/../lib/gcc/arm-none-eabi/12.3.1/thumb/v7e-m+fp/hard/crti.o
                0x080059a8                _init
 .init          0x080059ac        0x8 D:/STM32CubeIDE_1.5.1/STM32CubeIDE/plugins/com.st.stm32cube.ide.mcu.externaltools.gnu-tools-for-stm32.12.3.rel1.win32_1.0.100.202403111256/tools/bin/../lib/gcc/arm-none-eabi/12.3.1/thumb/v7e-m+fp/hard/crtn.o
 *(.fini)
 .fini          0x080059b4        0x4 D:/STM32CubeIDE_1.5.1/STM32CubeIDE/plugins/com.st.stm32cube.ide.mcu.externaltools.gnu-tools-for-stm32.12.3.rel1.win32_1.0.100.202403111256/tools/bin/../lib/gcc/arm-none-eabi/12.3.1/thumb/v7e-m+fp/hard/crti.o
                0x080059b4                _fini
 .fini          0x080059b8        0x8 D:/STM32CubeIDE_1.5.1/STM32CubeIDE/plugins/com.st.stm32cube.ide.mcu.externaltools.gnu-tools-for-stm32.12.3.rel1.win32_1.0.100.202403111256/tools/bin/../lib/gcc/arm-none-eabi/12.3.1/thumb/v7e-m+fp/hard/crtn.o
                0x080059c0                        . = ALIGN (0x4)
                0x080059c0                        _etext = .

.vfp11_veneer   0x080059c0        0x0
 .vfp11_veneer  0x080059c0        0x0 linker stubs

.v4_bx          0x080059c0        0x0
 .v4_bx         0x080059c0        0x0 linker stubs

.iplt           0x080059c0        0x0
 .iplt          0x080059c0        0x0 D:/STM32CubeIDE_1.5.1/STM32CubeIDE/plugins/com.st.stm32cube.ide.mcu.externaltools.gnu-tools-for-stm32.12.3.rel1.win32_1.0.100.202403111256/tools/bin/../lib/gcc/arm-none-eabi/12.3.1/thumb/v7e-m+fp/hard/crtbegin.o

.rodata         0x080059c0     0x2fa0
                0x080059c0                        . = ALIGN (0x4)
 *(.rodata)
 .rodata        0x080059c0        0xe ./Core/Src/main.o
 *(.rodata*)
 *fill*         0x080059ce        0x2 
 .rodata.AHBPrescTable
                0x080059d0       0x10 ./Core/Src/system_stm32f4xx.o
                0x080059d0                AHBPrescTable
 .rodata.asc2_1206
                0x080059e0      0x474 ./Drivers/BSP/Src/lcd.o
                0x080059e0                asc2_1206
 .rodata.asc2_1608
                0x08005e54      0x5f0 ./Drivers/BSP/Src/lcd.o
                0x08005e54                asc2_1608
 .rodata.asc2_2412
                0x08006444      0xd5c ./Drivers/BSP/Src/lcd.o
                0x08006444                asc2_2412
 .rodata.asc2_3216
                0x080071a0     0x17c0 ./Drivers/BSP/Src/lcd.o
                0x080071a0                asc2_3216
                0x08008960                        . = ALIGN (0x4)

.ARM.extab      0x08008960        0x0
                0x08008960                        . = ALIGN (0x4)
 *(.ARM.extab* .gnu.linkonce.armextab.*)
                0x08008960                        . = ALIGN (0x4)

.ARM            0x08008960        0x8
                0x08008960                        . = ALIGN (0x4)
                0x08008960                        __exidx_start = .
 *(.ARM.exidx*)
 .ARM.exidx     0x08008960        0x8 D:/STM32CubeIDE_1.5.1/STM32CubeIDE/plugins/com.st.stm32cube.ide.mcu.externaltools.gnu-tools-for-stm32.12.3.rel1.win32_1.0.100.202403111256/tools/bin/../lib/gcc/arm-none-eabi/12.3.1/thumb/v7e-m+fp/hard\libgcc.a(_udivmoddi4.o)
                0x08008968                        __exidx_end = .
                0x08008968                        . = ALIGN (0x4)

.rel.dyn        0x08008968        0x0
 .rel.iplt      0x08008968        0x0 D:/STM32CubeIDE_1.5.1/STM32CubeIDE/plugins/com.st.stm32cube.ide.mcu.externaltools.gnu-tools-for-stm32.12.3.rel1.win32_1.0.100.202403111256/tools/bin/../lib/gcc/arm-none-eabi/12.3.1/thumb/v7e-m+fp/hard/crtbegin.o

.preinit_array  0x08008968        0x0
                0x08008968                        . = ALIGN (0x4)
                0x08008968                        PROVIDE (__preinit_array_start = .)
 *(.preinit_array*)
                0x08008968                        PROVIDE (__preinit_array_end = .)
                0x08008968                        . = ALIGN (0x4)

.init_array     0x08008968        0x4
                0x08008968                        . = ALIGN (0x4)
                0x08008968                        PROVIDE (__init_array_start = .)
 *(SORT_BY_NAME(.init_array.*))
 *(.init_array*)
 .init_array    0x08008968        0x4 D:/STM32CubeIDE_1.5.1/STM32CubeIDE/plugins/com.st.stm32cube.ide.mcu.externaltools.gnu-tools-for-stm32.12.3.rel1.win32_1.0.100.202403111256/tools/bin/../lib/gcc/arm-none-eabi/12.3.1/thumb/v7e-m+fp/hard/crtbegin.o
                0x0800896c                        PROVIDE (__init_array_end = .)
                0x0800896c                        . = ALIGN (0x4)

.fini_array     0x0800896c        0x4
                0x0800896c                        . = ALIGN (0x4)
                [!provide]                        PROVIDE (__fini_array_start = .)
 *(SORT_BY_NAME(.fini_array.*))
 *(.fini_array*)
 .fini_array    0x0800896c        0x4 D:/STM32CubeIDE_1.5.1/STM32CubeIDE/plugins/com.st.stm32cube.ide.mcu.externaltools.gnu-tools-for-stm32.12.3.rel1.win32_1.0.100.202403111256/tools/bin/../lib/gcc/arm-none-eabi/12.3.1/thumb/v7e-m+fp/hard/crtbegin.o
                [!provide]                        PROVIDE (__fini_array_end = .)
                0x08008970                        . = ALIGN (0x4)
                0x08008970                        _sidata = LOADADDR (.data)

.data           0x20000000       0x10 load address 0x08008970
                0x20000000                        . = ALIGN (0x4)
                0x20000000                        _sdata = .
 *(.data)
 *(.data*)
 .data.SystemCoreClock
                0x20000000        0x4 ./Core/Src/system_stm32f4xx.o
                0x20000000                SystemCoreClock
 .data.g_back_color
                0x20000004        0x4 ./Drivers/BSP/Src/lcd.o
                0x20000004                g_back_color
 .data.uwTickPrio
                0x20000008        0x4 ./Drivers/STM32F4xx_HAL_Driver/Src/stm32f4xx_hal.o
                0x20000008                uwTickPrio
 .data.uwTickFreq
                0x2000000c        0x1 ./Drivers/STM32F4xx_HAL_Driver/Src/stm32f4xx_hal.o
                0x2000000c                uwTickFreq
 *(.RamFunc)
 *(.RamFunc*)
                0x20000010                        . = ALIGN (0x4)
 *fill*         0x2000000d        0x3 
                0x20000010                        _edata = .
                0x08008980                        _siccmram = LOADADDR (.ccmram)

.igot.plt       0x20000010        0x0 load address 0x08008980
 .igot.plt      0x20000010        0x0 D:/STM32CubeIDE_1.5.1/STM32CubeIDE/plugins/com.st.stm32cube.ide.mcu.externaltools.gnu-tools-for-stm32.12.3.rel1.win32_1.0.100.202403111256/tools/bin/../lib/gcc/arm-none-eabi/12.3.1/thumb/v7e-m+fp/hard/crtbegin.o

.ccmram         0x10000000        0x0 load address 0x08008980
                0x10000000                        . = ALIGN (0x4)
                0x10000000                        _sccmram = .
 *(.ccmram)
 *(.ccmram*)
                0x10000000                        . = ALIGN (0x4)
                0x10000000                        _eccmram = .
                0x10000000                        . = ALIGN (0x4)

.bss            0x20000010       0xd4
                0x20000010                        _sbss = .
                0x20000010                        __bss_start__ = _sbss
 *(.bss)
 .bss           0x20000010       0x1c D:/STM32CubeIDE_1.5.1/STM32CubeIDE/plugins/com.st.stm32cube.ide.mcu.externaltools.gnu-tools-for-stm32.12.3.rel1.win32_1.0.100.202403111256/tools/bin/../lib/gcc/arm-none-eabi/12.3.1/thumb/v7e-m+fp/hard/crtbegin.o
 *(.bss*)
 .bss.hsram1    0x2000002c       0x50 ./Core/Src/fsmc.o
                0x2000002c                hsram1
 .bss.FSMC_Initialized
                0x2000007c        0x4 ./Core/Src/fsmc.o
 .bss.g_sram_handle
                0x20000080       0x50 ./Drivers/BSP/Src/lcd.o
                0x20000080                g_sram_handle
 .bss.lcddev    0x200000d0        0xe ./Drivers/BSP/Src/lcd.o
                0x200000d0                lcddev
 *fill*         0x200000de        0x2 
 .bss.uwTick    0x200000e0        0x4 ./Drivers/STM32F4xx_HAL_Driver/Src/stm32f4xx_hal.o
                0x200000e0                uwTick
 *(COMMON)
                0x200000e4                        . = ALIGN (0x4)
                0x200000e4                        _ebss = .
                0x200000e4                        __bss_end__ = _ebss

._user_heap_stack
                0x200000e4      0x604
                0x200000e8                        . = ALIGN (0x8)
 *fill*         0x200000e4        0x4 
                [!provide]                        PROVIDE (end = .)
                0x200000e8                        PROVIDE (_end = .)
                0x200002e8                        . = (. + _Min_Heap_Size)
 *fill*         0x200000e8      0x200 
                0x200006e8                        . = (. + _Min_Stack_Size)
 *fill*         0x200002e8      0x400 
                0x200006e8                        . = ALIGN (0x8)

/DISCARD/
 libc.a(*)
 libm.a(*)
 libgcc.a(*)

.ARM.attributes
                0x00000000       0x30
 *(.ARM.attributes)
 .ARM.attributes
                0x00000000       0x22 D:/STM32CubeIDE_1.5.1/STM32CubeIDE/plugins/com.st.stm32cube.ide.mcu.externaltools.gnu-tools-for-stm32.12.3.rel1.win32_1.0.100.202403111256/tools/bin/../lib/gcc/arm-none-eabi/12.3.1/thumb/v7e-m+fp/hard/crti.o
 .ARM.attributes
                0x00000022       0x34 D:/STM32CubeIDE_1.5.1/STM32CubeIDE/plugins/com.st.stm32cube.ide.mcu.externaltools.gnu-tools-for-stm32.12.3.rel1.win32_1.0.100.202403111256/tools/bin/../lib/gcc/arm-none-eabi/12.3.1/thumb/v7e-m+fp/hard/crtbegin.o
 .ARM.attributes
                0x00000056       0x34 ./Core/Src/fsmc.o
 .ARM.attributes
                0x0000008a       0x34 ./Core/Src/gpio.o
 .ARM.attributes
                0x000000be       0x34 ./Core/Src/main.o
 .ARM.attributes
                0x000000f2       0x34 ./Core/Src/stm32f4xx_hal_msp.o
 .ARM.attributes
                0x00000126       0x34 ./Core/Src/stm32f4xx_it.o
 .ARM.attributes
                0x0000015a       0x34 ./Core/Src/system_stm32f4xx.o
 .ARM.attributes
                0x0000018e       0x21 ./Core/Startup/startup_stm32f407vetx.o
 .ARM.attributes
                0x000001af       0x34 ./Drivers/BSP/Src/lcd.o
 .ARM.attributes
                0x000001e3       0x34 ./Drivers/STM32F4xx_HAL_Driver/Src/stm32f4xx_hal.o
 .ARM.attributes
                0x00000217       0x34 ./Drivers/STM32F4xx_HAL_Driver/Src/stm32f4xx_hal_cortex.o
 .ARM.attributes
                0x0000024b       0x34 ./Drivers/STM32F4xx_HAL_Driver/Src/stm32f4xx_hal_gpio.o
 .ARM.attributes
                0x0000027f       0x34 ./Drivers/STM32F4xx_HAL_Driver/Src/stm32f4xx_hal_rcc.o
 .ARM.attributes
                0x000002b3       0x34 ./Drivers/STM32F4xx_HAL_Driver/Src/stm32f4xx_hal_sram.o
 .ARM.attributes
                0x000002e7       0x34 ./Drivers/STM32F4xx_HAL_Driver/Src/stm32f4xx_ll_fsmc.o
 .ARM.attributes
                0x0000031b       0x34 D:/STM32CubeIDE_1.5.1/STM32CubeIDE/plugins/com.st.stm32cube.ide.mcu.externaltools.gnu-tools-for-stm32.12.3.rel1.win32_1.0.100.202403111256/tools/bin/../lib/gcc/arm-none-eabi/12.3.1/../../../../arm-none-eabi/lib/thumb/v7e-m+fp/hard\libc_nano.a(libc_a-memset.o)
 .ARM.attributes
                0x0000034f       0x34 D:/STM32CubeIDE_1.5.1/STM32CubeIDE/plugins/com.st.stm32cube.ide.mcu.externaltools.gnu-tools-for-stm32.12.3.rel1.win32_1.0.100.202403111256/tools/bin/../lib/gcc/arm-none-eabi/12.3.1/../../../../arm-none-eabi/lib/thumb/v7e-m+fp/hard\libc_nano.a(libc_a-init.o)
 .ARM.attributes
                0x00000383       0x22 D:/STM32CubeIDE_1.5.1/STM32CubeIDE/plugins/com.st.stm32cube.ide.mcu.externaltools.gnu-tools-for-stm32.12.3.rel1.win32_1.0.100.202403111256/tools/bin/../lib/gcc/arm-none-eabi/12.3.1/thumb/v7e-m+fp/hard\libgcc.a(_arm_muldf3.o)
 .ARM.attributes
                0x000003a5       0x22 D:/STM32CubeIDE_1.5.1/STM32CubeIDE/plugins/com.st.stm32cube.ide.mcu.externaltools.gnu-tools-for-stm32.12.3.rel1.win32_1.0.100.202403111256/tools/bin/../lib/gcc/arm-none-eabi/12.3.1/thumb/v7e-m+fp/hard\libgcc.a(_arm_addsubdf3.o)
 .ARM.attributes
                0x000003c7       0x22 D:/STM32CubeIDE_1.5.1/STM32CubeIDE/plugins/com.st.stm32cube.ide.mcu.externaltools.gnu-tools-for-stm32.12.3.rel1.win32_1.0.100.202403111256/tools/bin/../lib/gcc/arm-none-eabi/12.3.1/thumb/v7e-m+fp/hard\libgcc.a(_arm_fixunsdfsi.o)
 .ARM.attributes
                0x000003e9       0x22 D:/STM32CubeIDE_1.5.1/STM32CubeIDE/plugins/com.st.stm32cube.ide.mcu.externaltools.gnu-tools-for-stm32.12.3.rel1.win32_1.0.100.202403111256/tools/bin/../lib/gcc/arm-none-eabi/12.3.1/thumb/v7e-m+fp/hard\libgcc.a(_aeabi_uldivmod.o)
 .ARM.attributes
                0x0000040b       0x34 D:/STM32CubeIDE_1.5.1/STM32CubeIDE/plugins/com.st.stm32cube.ide.mcu.externaltools.gnu-tools-for-stm32.12.3.rel1.win32_1.0.100.202403111256/tools/bin/../lib/gcc/arm-none-eabi/12.3.1/thumb/v7e-m+fp/hard\libgcc.a(_udivmoddi4.o)
 .ARM.attributes
                0x0000043f       0x22 D:/STM32CubeIDE_1.5.1/STM32CubeIDE/plugins/com.st.stm32cube.ide.mcu.externaltools.gnu-tools-for-stm32.12.3.rel1.win32_1.0.100.202403111256/tools/bin/../lib/gcc/arm-none-eabi/12.3.1/thumb/v7e-m+fp/hard\libgcc.a(_dvmd_tls.o)
 .ARM.attributes
                0x00000461       0x22 D:/STM32CubeIDE_1.5.1/STM32CubeIDE/plugins/com.st.stm32cube.ide.mcu.externaltools.gnu-tools-for-stm32.12.3.rel1.win32_1.0.100.202403111256/tools/bin/../lib/gcc/arm-none-eabi/12.3.1/thumb/v7e-m+fp/hard/crtn.o
OUTPUT(Demo LCD.elf elf32-littlearm)
LOAD linker stubs
LOAD D:/STM32CubeIDE_1.5.1/STM32CubeIDE/plugins/com.st.stm32cube.ide.mcu.externaltools.gnu-tools-for-stm32.12.3.rel1.win32_1.0.100.202403111256/tools/bin/../lib/gcc/arm-none-eabi/12.3.1/../../../../arm-none-eabi/lib/thumb/v7e-m+fp/hard\libc.a
LOAD D:/STM32CubeIDE_1.5.1/STM32CubeIDE/plugins/com.st.stm32cube.ide.mcu.externaltools.gnu-tools-for-stm32.12.3.rel1.win32_1.0.100.202403111256/tools/bin/../lib/gcc/arm-none-eabi/12.3.1/../../../../arm-none-eabi/lib/thumb/v7e-m+fp/hard\libm.a
LOAD D:/STM32CubeIDE_1.5.1/STM32CubeIDE/plugins/com.st.stm32cube.ide.mcu.externaltools.gnu-tools-for-stm32.12.3.rel1.win32_1.0.100.202403111256/tools/bin/../lib/gcc/arm-none-eabi/12.3.1/thumb/v7e-m+fp/hard\libgcc.a

.debug_info     0x00000000     0x6e61
 .debug_info    0x00000000      0x9ee ./Core/Src/fsmc.o
 .debug_info    0x000009ee      0x69a ./Core/Src/gpio.o
 .debug_info    0x00001088      0x50c ./Core/Src/main.o
 .debug_info    0x00001594      0x27c ./Core/Src/stm32f4xx_hal_msp.o
 .debug_info    0x00001810      0x17a ./Core/Src/stm32f4xx_it.o
 .debug_info    0x0000198a      0x512 ./Core/Src/system_stm32f4xx.o
 .debug_info    0x00001e9c       0x30 ./Core/Startup/startup_stm32f407vetx.o
 .debug_info    0x00001ecc     0x12da ./Drivers/BSP/Src/lcd.o
 .debug_info    0x000031a6      0x948 ./Drivers/STM32F4xx_HAL_Driver/Src/stm32f4xx_hal.o
 .debug_info    0x00003aee      0xd46 ./Drivers/STM32F4xx_HAL_Driver/Src/stm32f4xx_hal_cortex.o
 .debug_info    0x00004834      0x6c3 ./Drivers/STM32F4xx_HAL_Driver/Src/stm32f4xx_hal_gpio.o
 .debug_info    0x00004ef7      0x8b1 ./Drivers/STM32F4xx_HAL_Driver/Src/stm32f4xx_hal_rcc.o
 .debug_info    0x000057a8      0xd2f ./Drivers/STM32F4xx_HAL_Driver/Src/stm32f4xx_hal_sram.o
 .debug_info    0x000064d7      0x98a ./Drivers/STM32F4xx_HAL_Driver/Src/stm32f4xx_ll_fsmc.o

.debug_abbrev   0x00000000     0x18d9
 .debug_abbrev  0x00000000      0x212 ./Core/Src/fsmc.o
 .debug_abbrev  0x00000212      0x174 ./Core/Src/gpio.o
 .debug_abbrev  0x00000386      0x1ec ./Core/Src/main.o
 .debug_abbrev  0x00000572       0xf4 ./Core/Src/stm32f4xx_hal_msp.o
 .debug_abbrev  0x00000666       0xa0 ./Core/Src/stm32f4xx_it.o
 .debug_abbrev  0x00000706      0x11a ./Core/Src/system_stm32f4xx.o
 .debug_abbrev  0x00000820       0x24 ./Core/Startup/startup_stm32f407vetx.o
 .debug_abbrev  0x00000844      0x329 ./Drivers/BSP/Src/lcd.o
 .debug_abbrev  0x00000b6d      0x213 ./Drivers/STM32F4xx_HAL_Driver/Src/stm32f4xx_hal.o
 .debug_abbrev  0x00000d80      0x327 ./Drivers/STM32F4xx_HAL_Driver/Src/stm32f4xx_hal_cortex.o
 .debug_abbrev  0x000010a7      0x1d4 ./Drivers/STM32F4xx_HAL_Driver/Src/stm32f4xx_hal_gpio.o
 .debug_abbrev  0x0000127b      0x2b6 ./Drivers/STM32F4xx_HAL_Driver/Src/stm32f4xx_hal_rcc.o
 .debug_abbrev  0x00001531      0x205 ./Drivers/STM32F4xx_HAL_Driver/Src/stm32f4xx_hal_sram.o
 .debug_abbrev  0x00001736      0x1a3 ./Drivers/STM32F4xx_HAL_Driver/Src/stm32f4xx_ll_fsmc.o

.debug_aranges  0x00000000      0x700
 .debug_aranges
                0x00000000       0x40 ./Core/Src/fsmc.o
 .debug_aranges
                0x00000040       0x20 ./Core/Src/gpio.o
 .debug_aranges
                0x00000060       0x30 ./Core/Src/main.o
 .debug_aranges
                0x00000090       0x20 ./Core/Src/stm32f4xx_hal_msp.o
 .debug_aranges
                0x000000b0       0x80 ./Core/Src/stm32f4xx_it.o
 .debug_aranges
                0x00000130       0x28 ./Core/Src/system_stm32f4xx.o
 .debug_aranges
                0x00000158       0x28 ./Core/Startup/startup_stm32f407vetx.o
 .debug_aranges
                0x00000180      0x138 ./Drivers/BSP/Src/lcd.o
 .debug_aranges
                0x000002b8       0xf0 ./Drivers/STM32F4xx_HAL_Driver/Src/stm32f4xx_hal.o
 .debug_aranges
                0x000003a8      0x118 ./Drivers/STM32F4xx_HAL_Driver/Src/stm32f4xx_hal_cortex.o
 .debug_aranges
                0x000004c0       0x58 ./Drivers/STM32F4xx_HAL_Driver/Src/stm32f4xx_hal_gpio.o
 .debug_aranges
                0x00000518       0x88 ./Drivers/STM32F4xx_HAL_Driver/Src/stm32f4xx_hal_rcc.o
 .debug_aranges
                0x000005a0       0xb8 ./Drivers/STM32F4xx_HAL_Driver/Src/stm32f4xx_hal_sram.o
 .debug_aranges
                0x00000658       0xa8 ./Drivers/STM32F4xx_HAL_Driver/Src/stm32f4xx_ll_fsmc.o

.debug_rnglists
                0x00000000      0x527
 .debug_rnglists
                0x00000000       0x2d ./Core/Src/fsmc.o
 .debug_rnglists
                0x0000002d       0x14 ./Core/Src/gpio.o
 .debug_rnglists
                0x00000041       0x20 ./Core/Src/main.o
 .debug_rnglists
                0x00000061       0x13 ./Core/Src/stm32f4xx_hal_msp.o
 .debug_rnglists
                0x00000074       0x5b ./Core/Src/stm32f4xx_it.o
 .debug_rnglists
                0x000000cf       0x1a ./Core/Src/system_stm32f4xx.o
 .debug_rnglists
                0x000000e9       0x19 ./Core/Startup/startup_stm32f407vetx.o
 .debug_rnglists
                0x00000102       0xfa ./Drivers/BSP/Src/lcd.o
 .debug_rnglists
                0x000001fc       0xaf ./Drivers/STM32F4xx_HAL_Driver/Src/stm32f4xx_hal.o
 .debug_rnglists
                0x000002ab       0xce ./Drivers/STM32F4xx_HAL_Driver/Src/stm32f4xx_hal_cortex.o
 .debug_rnglists
                0x00000379       0x3f ./Drivers/STM32F4xx_HAL_Driver/Src/stm32f4xx_hal_gpio.o
 .debug_rnglists
                0x000003b8       0x66 ./Drivers/STM32F4xx_HAL_Driver/Src/stm32f4xx_hal_rcc.o
 .debug_rnglists
                0x0000041e       0x8d ./Drivers/STM32F4xx_HAL_Driver/Src/stm32f4xx_hal_sram.o
 .debug_rnglists
                0x000004ab       0x7c ./Drivers/STM32F4xx_HAL_Driver/Src/stm32f4xx_ll_fsmc.o

.debug_macro    0x00000000    0x20af8
 .debug_macro   0x00000000      0x1e4 ./Core/Src/fsmc.o
 .debug_macro   0x000001e4      0xab4 ./Core/Src/fsmc.o
 .debug_macro   0x00000c98      0x295 ./Core/Src/fsmc.o
 .debug_macro   0x00000f2d       0x2e ./Core/Src/fsmc.o
 .debug_macro   0x00000f5b       0x2f ./Core/Src/fsmc.o
 .debug_macro   0x00000f8a       0x22 ./Core/Src/fsmc.o
 .debug_macro   0x00000fac       0x8e ./Core/Src/fsmc.o
 .debug_macro   0x0000103a       0x51 ./Core/Src/fsmc.o
 .debug_macro   0x0000108b      0x103 ./Core/Src/fsmc.o
 .debug_macro   0x0000118e       0x6a ./Core/Src/fsmc.o
 .debug_macro   0x000011f8      0x1df ./Core/Src/fsmc.o
 .debug_macro   0x000013d7       0x1c ./Core/Src/fsmc.o
 .debug_macro   0x000013f3       0x22 ./Core/Src/fsmc.o
 .debug_macro   0x00001415       0xd9 ./Core/Src/fsmc.o
 .debug_macro   0x000014ee     0x102d ./Core/Src/fsmc.o
 .debug_macro   0x0000251b      0x11f ./Core/Src/fsmc.o
 .debug_macro   0x0000263a    0x15e82 ./Core/Src/fsmc.o
 .debug_macro   0x000184bc       0x6d ./Core/Src/fsmc.o
 .debug_macro   0x00018529     0x367e ./Core/Src/fsmc.o
 .debug_macro   0x0001bba7      0x189 ./Core/Src/fsmc.o
 .debug_macro   0x0001bd30       0x5c ./Core/Src/fsmc.o
 .debug_macro   0x0001bd8c      0x96b ./Core/Src/fsmc.o
 .debug_macro   0x0001c6f7      0x9fe ./Core/Src/fsmc.o
 .debug_macro   0x0001d0f5      0x115 ./Core/Src/fsmc.o
 .debug_macro   0x0001d20a      0x13e ./Core/Src/fsmc.o
 .debug_macro   0x0001d348       0xa5 ./Core/Src/fsmc.o
 .debug_macro   0x0001d3ed      0x174 ./Core/Src/fsmc.o
 .debug_macro   0x0001d561      0x287 ./Core/Src/fsmc.o
 .debug_macro   0x0001d7e8       0x5f ./Core/Src/fsmc.o
 .debug_macro   0x0001d847      0x236 ./Core/Src/fsmc.o
 .debug_macro   0x0001da7d      0x12c ./Core/Src/fsmc.o
 .debug_macro   0x0001dba9      0x21e ./Core/Src/fsmc.o
 .debug_macro   0x0001ddc7       0x2e ./Core/Src/fsmc.o
 .debug_macro   0x0001ddf5      0x516 ./Core/Src/fsmc.o
 .debug_macro   0x0001e30b      0x11a ./Core/Src/fsmc.o
 .debug_macro   0x0001e425       0x7e ./Core/Src/fsmc.o
 .debug_macro   0x0001e4a3       0x89 ./Core/Src/fsmc.o
 .debug_macro   0x0001e52c      0x12d ./Core/Src/fsmc.o
 .debug_macro   0x0001e659       0x70 ./Core/Src/fsmc.o
 .debug_macro   0x0001e6c9      0x1e4 ./Core/Src/gpio.o
 .debug_macro   0x0001e8ad      0x2cd ./Core/Src/main.o
 .debug_macro   0x0001eb7a       0x2a ./Core/Src/main.o
 .debug_macro   0x0001eba4       0x61 ./Core/Src/main.o
 .debug_macro   0x0001ec05       0x43 ./Core/Src/main.o
 .debug_macro   0x0001ec48       0x34 ./Core/Src/main.o
 .debug_macro   0x0001ec7c       0x16 ./Core/Src/main.o
 .debug_macro   0x0001ec92       0x35 ./Core/Src/main.o
 .debug_macro   0x0001ecc7       0x16 ./Core/Src/main.o
 .debug_macro   0x0001ecdd       0x43 ./Core/Src/main.o
 .debug_macro   0x0001ed20       0x34 ./Core/Src/main.o
 .debug_macro   0x0001ed54       0x10 ./Core/Src/main.o
 .debug_macro   0x0001ed64       0x58 ./Core/Src/main.o
 .debug_macro   0x0001edbc       0x8e ./Core/Src/main.o
 .debug_macro   0x0001ee4a       0x1c ./Core/Src/main.o
 .debug_macro   0x0001ee66      0x177 ./Core/Src/main.o
 .debug_macro   0x0001efdd      0x369 ./Core/Src/main.o
 .debug_macro   0x0001f346       0x16 ./Core/Src/main.o
 .debug_macro   0x0001f35c       0x29 ./Core/Src/main.o
 .debug_macro   0x0001f385      0x1a1 ./Core/Src/main.o
 .debug_macro   0x0001f526      0x1da ./Core/Src/stm32f4xx_hal_msp.o
 .debug_macro   0x0001f700      0x1e4 ./Core/Src/stm32f4xx_it.o
 .debug_macro   0x0001f8e4      0x1cb ./Core/Src/system_stm32f4xx.o
 .debug_macro   0x0001faaf      0x2bd ./Drivers/BSP/Src/lcd.o
 .debug_macro   0x0001fd6c      0x11c ./Drivers/BSP/Src/lcd.o
 .debug_macro   0x0001fe88       0x94 ./Drivers/BSP/Src/lcd.o
 .debug_macro   0x0001ff1c       0x56 ./Drivers/BSP/Src/lcd.o
 .debug_macro   0x0001ff72      0x22b ./Drivers/STM32F4xx_HAL_Driver/Src/stm32f4xx_hal.o
 .debug_macro   0x0002019d      0x1cb ./Drivers/STM32F4xx_HAL_Driver/Src/stm32f4xx_hal_cortex.o
 .debug_macro   0x00020368      0x1d1 ./Drivers/STM32F4xx_HAL_Driver/Src/stm32f4xx_hal_gpio.o
 .debug_macro   0x00020539      0x1ef ./Drivers/STM32F4xx_HAL_Driver/Src/stm32f4xx_hal_rcc.o
 .debug_macro   0x00020728      0x1cb ./Drivers/STM32F4xx_HAL_Driver/Src/stm32f4xx_hal_sram.o
 .debug_macro   0x000208f3      0x205 ./Drivers/STM32F4xx_HAL_Driver/Src/stm32f4xx_ll_fsmc.o

.debug_line     0x00000000     0x92ba
 .debug_line    0x00000000      0x825 ./Core/Src/fsmc.o
 .debug_line    0x00000825      0x756 ./Core/Src/gpio.o
 .debug_line    0x00000f7b      0x916 ./Core/Src/main.o
 .debug_line    0x00001891      0x725 ./Core/Src/stm32f4xx_hal_msp.o
 .debug_line    0x00001fb6      0x847 ./Core/Src/stm32f4xx_it.o
 .debug_line    0x000027fd      0x7a9 ./Core/Src/system_stm32f4xx.o
 .debug_line    0x00002fa6       0x7a ./Core/Startup/startup_stm32f407vetx.o
 .debug_line    0x00003020     0x1b4f ./Drivers/BSP/Src/lcd.o
 .debug_line    0x00004b6f      0xa12 ./Drivers/STM32F4xx_HAL_Driver/Src/stm32f4xx_hal.o
 .debug_line    0x00005581      0xcbf ./Drivers/STM32F4xx_HAL_Driver/Src/stm32f4xx_hal_cortex.o
 .debug_line    0x00006240      0xb9e ./Drivers/STM32F4xx_HAL_Driver/Src/stm32f4xx_hal_gpio.o
 .debug_line    0x00006dde      0xd85 ./Drivers/STM32F4xx_HAL_Driver/Src/stm32f4xx_hal_rcc.o
 .debug_line    0x00007b63      0xd27 ./Drivers/STM32F4xx_HAL_Driver/Src/stm32f4xx_hal_sram.o
 .debug_line    0x0000888a      0xa30 ./Drivers/STM32F4xx_HAL_Driver/Src/stm32f4xx_ll_fsmc.o

.debug_str      0x00000000    0xc3822
 .debug_str     0x00000000    0xbde24 ./Core/Src/fsmc.o
                              0xbe174 (size before relaxing)
 .debug_str     0x000bde24      0x53f ./Core/Src/gpio.o
                              0xbe142 (size before relaxing)
 .debug_str     0x000be363     0x3a72 ./Core/Src/main.o
                              0xc1650 (size before relaxing)
 .debug_str     0x000c1dd5       0x49 ./Core/Src/stm32f4xx_hal_msp.o
                              0xbdb74 (size before relaxing)
 .debug_str     0x000c1e1e      0x126 ./Core/Src/stm32f4xx_it.o
                              0xbdb4e (size before relaxing)
 .debug_str     0x000c1f44       0xdb ./Core/Src/system_stm32f4xx.o
                              0xbda7c (size before relaxing)
 .debug_str     0x000c201f       0x44 ./Core/Startup/startup_stm32f407vetx.o
                                 0x65 (size before relaxing)
 .debug_str     0x000c2063      0x38d ./Drivers/BSP/Src/lcd.o
                              0xc1c5d (size before relaxing)
 .debug_str     0x000c23f0      0x5f0 ./Drivers/STM32F4xx_HAL_Driver/Src/stm32f4xx_hal.o
                              0xbe600 (size before relaxing)
 .debug_str     0x000c29e0      0x341 ./Drivers/STM32F4xx_HAL_Driver/Src/stm32f4xx_hal_cortex.o
                              0xbe333 (size before relaxing)
 .debug_str     0x000c2d21      0x103 ./Drivers/STM32F4xx_HAL_Driver/Src/stm32f4xx_hal_gpio.o
                              0xbdbf7 (size before relaxing)
 .debug_str     0x000c2e24      0x233 ./Drivers/STM32F4xx_HAL_Driver/Src/stm32f4xx_hal_rcc.o
                              0xbdeb0 (size before relaxing)
 .debug_str     0x000c3057      0x202 ./Drivers/STM32F4xx_HAL_Driver/Src/stm32f4xx_hal_sram.o
                              0xbe07a (size before relaxing)
 .debug_str     0x000c3259      0x5c9 ./Drivers/STM32F4xx_HAL_Driver/Src/stm32f4xx_ll_fsmc.o
                              0xbe2e7 (size before relaxing)

.comment        0x00000000       0x43
 .comment       0x00000000       0x43 ./Core/Src/fsmc.o
                                 0x44 (size before relaxing)
 .comment       0x00000043       0x44 ./Core/Src/gpio.o
 .comment       0x00000043       0x44 ./Core/Src/main.o
 .comment       0x00000043       0x44 ./Core/Src/stm32f4xx_hal_msp.o
 .comment       0x00000043       0x44 ./Core/Src/stm32f4xx_it.o
 .comment       0x00000043       0x44 ./Core/Src/system_stm32f4xx.o
 .comment       0x00000043       0x44 ./Drivers/BSP/Src/lcd.o
 .comment       0x00000043       0x44 ./Drivers/STM32F4xx_HAL_Driver/Src/stm32f4xx_hal.o
 .comment       0x00000043       0x44 ./Drivers/STM32F4xx_HAL_Driver/Src/stm32f4xx_hal_cortex.o
 .comment       0x00000043       0x44 ./Drivers/STM32F4xx_HAL_Driver/Src/stm32f4xx_hal_gpio.o
 .comment       0x00000043       0x44 ./Drivers/STM32F4xx_HAL_Driver/Src/stm32f4xx_hal_rcc.o
 .comment       0x00000043       0x44 ./Drivers/STM32F4xx_HAL_Driver/Src/stm32f4xx_hal_sram.o
 .comment       0x00000043       0x44 ./Drivers/STM32F4xx_HAL_Driver/Src/stm32f4xx_ll_fsmc.o

.debug_frame    0x00000000     0x1b60
 .debug_frame   0x00000000       0xbc ./Core/Src/fsmc.o
 .debug_frame   0x000000bc       0x34 ./Core/Src/gpio.o
 .debug_frame   0x000000f0       0x6c ./Core/Src/main.o
 .debug_frame   0x0000015c       0x34 ./Core/Src/stm32f4xx_hal_msp.o
 .debug_frame   0x00000190      0x174 ./Core/Src/stm32f4xx_it.o
 .debug_frame   0x00000304       0x58 ./Core/Src/system_stm32f4xx.o
 .debug_frame   0x0000035c      0x524 ./Drivers/BSP/Src/lcd.o
 .debug_frame   0x00000880      0x374 ./Drivers/STM32F4xx_HAL_Driver/Src/stm32f4xx_hal.o
 .debug_frame   0x00000bf4      0x498 ./Drivers/STM32F4xx_HAL_Driver/Src/stm32f4xx_hal_cortex.o
 .debug_frame   0x0000108c      0x14c ./Drivers/STM32F4xx_HAL_Driver/Src/stm32f4xx_hal_gpio.o
 .debug_frame   0x000011d8      0x1f4 ./Drivers/STM32F4xx_HAL_Driver/Src/stm32f4xx_hal_rcc.o
 .debug_frame   0x000013cc      0x30c ./Drivers/STM32F4xx_HAL_Driver/Src/stm32f4xx_hal_sram.o
 .debug_frame   0x000016d8      0x2dc ./Drivers/STM32F4xx_HAL_Driver/Src/stm32f4xx_ll_fsmc.o
 .debug_frame   0x000019b4       0x20 D:/STM32CubeIDE_1.5.1/STM32CubeIDE/plugins/com.st.stm32cube.ide.mcu.externaltools.gnu-tools-for-stm32.12.3.rel1.win32_1.0.100.202403111256/tools/bin/../lib/gcc/arm-none-eabi/12.3.1/../../../../arm-none-eabi/lib/thumb/v7e-m+fp/hard\libc_nano.a(libc_a-memset.o)
 .debug_frame   0x000019d4       0x2c D:/STM32CubeIDE_1.5.1/STM32CubeIDE/plugins/com.st.stm32cube.ide.mcu.externaltools.gnu-tools-for-stm32.12.3.rel1.win32_1.0.100.202403111256/tools/bin/../lib/gcc/arm-none-eabi/12.3.1/../../../../arm-none-eabi/lib/thumb/v7e-m+fp/hard\libc_nano.a(libc_a-init.o)
 .debug_frame   0x00001a00       0x30 D:/STM32CubeIDE_1.5.1/STM32CubeIDE/plugins/com.st.stm32cube.ide.mcu.externaltools.gnu-tools-for-stm32.12.3.rel1.win32_1.0.100.202403111256/tools/bin/../lib/gcc/arm-none-eabi/12.3.1/thumb/v7e-m+fp/hard\libgcc.a(_arm_muldf3.o)
 .debug_frame   0x00001a30       0xac D:/STM32CubeIDE_1.5.1/STM32CubeIDE/plugins/com.st.stm32cube.ide.mcu.externaltools.gnu-tools-for-stm32.12.3.rel1.win32_1.0.100.202403111256/tools/bin/../lib/gcc/arm-none-eabi/12.3.1/thumb/v7e-m+fp/hard\libgcc.a(_arm_addsubdf3.o)
 .debug_frame   0x00001adc       0x24 D:/STM32CubeIDE_1.5.1/STM32CubeIDE/plugins/com.st.stm32cube.ide.mcu.externaltools.gnu-tools-for-stm32.12.3.rel1.win32_1.0.100.202403111256/tools/bin/../lib/gcc/arm-none-eabi/12.3.1/thumb/v7e-m+fp/hard\libgcc.a(_arm_fixunsdfsi.o)
 .debug_frame   0x00001b00       0x2c D:/STM32CubeIDE_1.5.1/STM32CubeIDE/plugins/com.st.stm32cube.ide.mcu.externaltools.gnu-tools-for-stm32.12.3.rel1.win32_1.0.100.202403111256/tools/bin/../lib/gcc/arm-none-eabi/12.3.1/thumb/v7e-m+fp/hard\libgcc.a(_aeabi_uldivmod.o)
 .debug_frame   0x00001b2c       0x34 D:/STM32CubeIDE_1.5.1/STM32CubeIDE/plugins/com.st.stm32cube.ide.mcu.externaltools.gnu-tools-for-stm32.12.3.rel1.win32_1.0.100.202403111256/tools/bin/../lib/gcc/arm-none-eabi/12.3.1/thumb/v7e-m+fp/hard\libgcc.a(_udivmoddi4.o)

.debug_line_str
                0x00000000       0x49
 .debug_line_str
                0x00000000       0x49 ./Core/Startup/startup_stm32f407vetx.o
